root@DESKTOP-E9TJ2O1:/mnt/c/mywork/source/c2512/phase1/learnings/Day13/cpp# ls
a.out  hello_name.cpp  hello_world.cpp
root@DESKTOP-E9TJ2O1:/mnt/c/mywork/source/c2512/phase1/learnings/Day13/cpp# cp hell_name.cpp hello_student.cpp
cp: cannot stat 'hell_name.cpp': No such file or directory
root@DESKTOP-E9TJ2O1:/mnt/c/mywork/source/c2512/phase1/learnings/Day13/cpp# cp hello_name.cpp hello_student.cpp
root@DESKTOP-E9TJ2O1:/mnt/c/mywork/source/c2512/phase1/learnings/Day13/cpp# ls
a.out  hello_name.cpp  hello_student.cpp  hello_world.cpp
root@DESKTOP-E9TJ2O1:/mnt/c/mywork/source/c2512/phase1/learnings/Day13/cpp# nano hello_student.cpp
root@DESKTOP-E9TJ2O1:/mnt/c/mywork/source/c2512/phase1/learnings/Day13/cpp# cat hello_student.cpp
#include <iostream>
#include <cstdlib>
using std::cout;
using std::cin;
using std::endl;

int main() {
        int id;
        char name[255];

        cout << "Enter id:";
        cin >> id;
        cout << "Enter name:";
        cin >> name;

        cout << "Hello " << name << " of id " << id << "!!!" << endl;

        return EXIT_SUCCESS;
}
root@DESKTOP-E9TJ2O1:/mnt/c/mywork/source/c2512/phase1/learnings/Day13/cpp# g++ hello_student.cpp
root@DESKTOP-E9TJ2O1:/mnt/c/mywork/source/c2512/phase1/learnings/Day13/cpp# ls
a.out  hello_name.cpp  hello_student.cpp  hello_world.cpp
root@DESKTOP-E9TJ2O1:/mnt/c/mywork/source/c2512/phase1/learnings/Day13/cpp# ls -l
total 20
-rwxrwxrwx 1 root root 16880 Nov 22 12:14 a.out
-rwxrwxrwx 1 root root   228 Nov 22 12:04 hello_name.cpp
-rwxrwxrwx 1 root root   291 Nov 22 12:12 hello_student.cpp
-rwxrwxrwx 1 root root   147 Nov 22 10:49 hello_world.cpp
root@DESKTOP-E9TJ2O1:/mnt/c/mywork/source/c2512/phase1/learnings/Day13/cpp# ./a.out
Enter id:1001
Enter name:Ayisha
Hello Ayisha of id 1001!!!
root@DESKTOP-E9TJ2O1:/mnt/c/mywork/source/c2512/phase1/learnings/Day13/cpp# ./a.out
Enter id:1002
Enter name:Dhaheen
Hello Dhaheen of id 1002!!!
root@DESKTOP-E9TJ2O1:/mnt/c/mywork/source/c2512/phase1/learnings/Day13/cpp#